Step 1: loading checkpoints and checking original reference

Build old teacher prototype bank:   0%|          | 0/16 [00:00<?, ?it/s]
Build old teacher prototype bank:   6%|▋         | 1/16 [00:02<00:41,  2.76s/it]
Build old teacher prototype bank:  12%|█▎        | 2/16 [00:05<00:34,  2.46s/it]
Build old teacher prototype bank:  19%|█▉        | 3/16 [00:07<00:32,  2.48s/it]
Build old teacher prototype bank:  25%|██▌       | 4/16 [00:09<00:29,  2.48s/it]
Build old teacher prototype bank:  31%|███▏      | 5/16 [00:12<00:26,  2.40s/it]
Build old teacher prototype bank:  38%|███▊      | 6/16 [00:14<00:25,  2.51s/it]
Build old teacher prototype bank:  44%|████▍     | 7/16 [00:17<00:21,  2.38s/it]
Build old teacher prototype bank:  50%|█████     | 8/16 [00:19<00:19,  2.38s/it]
Build old teacher prototype bank:  56%|█████▋    | 9/16 [00:22<00:17,  2.45s/it]
Build old teacher prototype bank:  62%|██████▎   | 10/16 [00:24<00:14,  2.45s/it]
Build old teacher prototype bank:  69%|██████▉   | 11/16 [00:26<00:12,  2.46s/it]
Build old teacher prototype bank:  75%|███████▌  | 12/16 [00:29<00:10,  2.59s/it]
Build old teacher prototype bank:  81%|████████▏ | 13/16 [00:32<00:07,  2.48s/it]
Build old teacher prototype bank:  88%|████████▊ | 14/16 [00:34<00:04,  2.45s/it]
Build old teacher prototype bank:  94%|█████████▍| 15/16 [00:36<00:02,  2.36s/it]
Build old teacher prototype bank: 100%|██████████| 16/16 [00:38<00:00,  2.12s/it]
Build old teacher prototype bank: 100%|██████████| 16/16 [00:38<00:00,  2.39s/it]

Build old teacher prototype bank:   0%|          | 0/16 [00:00<?, ?it/s]
Build old teacher prototype bank:   6%|▋         | 1/16 [00:02<00:42,  2.86s/it]
Build old teacher prototype bank:  12%|█▎        | 2/16 [00:05<00:37,  2.64s/it]
Build old teacher prototype bank:  19%|█▉        | 3/16 [00:08<00:34,  2.66s/it]
Build old teacher prototype bank:  25%|██▌       | 4/16 [00:10<00:31,  2.60s/it]
Build old teacher prototype bank:  31%|███▏      | 5/16 [00:12<00:27,  2.51s/it]
Build old teacher prototype bank:  38%|███▊      | 6/16 [00:15<00:25,  2.59s/it]
Build old teacher prototype bank:  44%|████▍     | 7/16 [00:17<00:22,  2.47s/it]
Build old teacher prototype bank:  50%|█████     | 8/16 [00:21<00:21,  2.73s/it]
Build old teacher prototype bank:  56%|█████▋    | 9/16 [00:23<00:18,  2.61s/it]
Build old teacher prototype bank:  62%|██████▎   | 10/16 [00:25<00:14,  2.46s/it]
Build old teacher prototype bank:  69%|██████▉   | 11/16 [00:28<00:13,  2.63s/it]
Build old teacher prototype bank:  75%|███████▌  | 12/16 [00:31<00:10,  2.63s/it]
Build old teacher prototype bank:  81%|████████▏ | 13/16 [00:33<00:07,  2.52s/it]
Build old teacher prototype bank:  88%|████████▊ | 14/16 [00:36<00:05,  2.61s/it]
Build old teacher prototype bank:  94%|█████████▍| 15/16 [00:38<00:02,  2.58s/it]
Build old teacher prototype bank: 100%|██████████| 16/16 [00:40<00:00,  2.24s/it]
Build old teacher prototype bank: 100%|██████████| 16/16 [00:40<00:00,  2.52s/it]
Step 1: original_memory; original reference validation passed
  batch 1/3; no parameter update
  batch 2/3; no parameter update
  batch 3/3; no parameter update
Step 1: heldout_fixed_reference; original reference validation passed
  batch 1/3; no parameter update
  batch 2/3; no parameter update
  batch 3/3; no parameter update
Step 1: fresh_memory; original reference validation passed
  batch 1/3; no parameter update
  batch 2/3; no parameter update
  batch 3/3; no parameter update
Step 5: loading checkpoints and checking original reference

Build old teacher prototype bank:   0%|          | 0/16 [00:00<?, ?it/s]
Build old teacher prototype bank:   6%|▋         | 1/16 [00:02<00:36,  2.43s/it]
Build old teacher prototype bank:  12%|█▎        | 2/16 [00:04<00:29,  2.11s/it]
Build old teacher prototype bank:  19%|█▉        | 3/16 [00:06<00:28,  2.17s/it]
Build old teacher prototype bank:  25%|██▌       | 4/16 [00:09<00:27,  2.28s/it]
Build old teacher prototype bank:  31%|███▏      | 5/16 [00:11<00:24,  2.24s/it]
Build old teacher prototype bank:  38%|███▊      | 6/16 [00:13<00:23,  2.40s/it]
Build old teacher prototype bank:  44%|████▍     | 7/16 [00:16<00:21,  2.40s/it]
Build old teacher prototype bank:  50%|█████     | 8/16 [00:19<00:22,  2.78s/it]
Build old teacher prototype bank:  56%|█████▋    | 9/16 [00:22<00:19,  2.79s/it]
Build old teacher prototype bank:  62%|██████▎   | 10/16 [00:25<00:16,  2.79s/it]
Build old teacher prototype bank:  69%|██████▉   | 11/16 [00:28<00:13,  2.72s/it]
Build old teacher prototype bank:  75%|███████▌  | 12/16 [00:30<00:11,  2.76s/it]
Build old teacher prototype bank:  81%|████████▏ | 13/16 [00:33<00:08,  2.79s/it]
Build old teacher prototype bank:  88%|████████▊ | 14/16 [00:36<00:05,  2.85s/it]
Build old teacher prototype bank:  94%|█████████▍| 15/16 [00:39<00:02,  2.94s/it]
Build old teacher prototype bank: 100%|██████████| 16/16 [00:41<00:00,  2.49s/it]
Build old teacher prototype bank: 100%|██████████| 16/16 [00:41<00:00,  2.58s/it]

Build old teacher prototype bank:   0%|          | 0/16 [00:00<?, ?it/s]
Build old teacher prototype bank:   6%|▋         | 1/16 [00:02<00:38,  2.57s/it]
Build old teacher prototype bank:  12%|█▎        | 2/16 [00:04<00:30,  2.15s/it]
Build old teacher prototype bank:  19%|█▉        | 3/16 [00:06<00:28,  2.21s/it]
Build old teacher prototype bank:  25%|██▌       | 4/16 [00:08<00:26,  2.21s/it]
Build old teacher prototype bank:  31%|███▏      | 5/16 [00:11<00:25,  2.32s/it]
Build old teacher prototype bank:  38%|███▊      | 6/16 [00:13<00:23,  2.31s/it]
Build old teacher prototype bank:  44%|████▍     | 7/16 [00:16<00:21,  2.35s/it]
Build old teacher prototype bank:  50%|█████     | 8/16 [00:18<00:19,  2.38s/it]
Build old teacher prototype bank:  56%|█████▋    | 9/16 [00:21<00:16,  2.39s/it]
Build old teacher prototype bank:  62%|██████▎   | 10/16 [00:24<00:15,  2.60s/it]
Build old teacher prototype bank:  69%|██████▉   | 11/16 [00:26<00:13,  2.67s/it]
Build old teacher prototype bank:  75%|███████▌  | 12/16 [00:29<00:10,  2.64s/it]
Build old teacher prototype bank:  81%|████████▏ | 13/16 [00:32<00:08,  2.71s/it]
Build old teacher prototype bank:  88%|████████▊ | 14/16 [00:34<00:05,  2.54s/it]
Build old teacher prototype bank:  94%|█████████▍| 15/16 [00:36<00:02,  2.52s/it]
Build old teacher prototype bank: 100%|██████████| 16/16 [00:38<00:00,  2.20s/it]
Build old teacher prototype bank: 100%|██████████| 16/16 [00:38<00:00,  2.40s/it]
Step 5: original_memory; original reference validation passed
  batch 1/3; no parameter update
  batch 2/3; no parameter update
  batch 3/3; no parameter update
Step 5: heldout_fixed_reference; original reference validation passed
  batch 1/3; no parameter update
  batch 2/3; no parameter update
  batch 3/3; no parameter update
Step 5: fresh_memory; original reference validation passed
  batch 1/3; no parameter update
  batch 2/3; no parameter update
  batch 3/3; no parameter update
Step 9: loading checkpoints and checking original reference

Build old teacher prototype bank:   0%|          | 0/15 [00:00<?, ?it/s]
Build old teacher prototype bank:   7%|▋         | 1/15 [00:00<00:12,  1.10it/s]
Build old teacher prototype bank:  13%|█▎        | 2/15 [00:01<00:11,  1.10it/s]
Build old teacher prototype bank:  20%|██        | 3/15 [00:02<00:10,  1.11it/s]
Build old teacher prototype bank:  27%|██▋       | 4/15 [00:03<00:09,  1.12it/s]
Build old teacher prototype bank:  33%|███▎      | 5/15 [00:04<00:08,  1.13it/s]
Build old teacher prototype bank:  40%|████      | 6/15 [00:05<00:07,  1.14it/s]
Build old teacher prototype bank:  47%|████▋     | 7/15 [00:06<00:07,  1.14it/s]
Build old teacher prototype bank:  53%|█████▎    | 8/15 [00:07<00:06,  1.06it/s]
Build old teacher prototype bank:  60%|██████    | 9/15 [00:09<00:07,  1.26s/it]
Build old teacher prototype bank:  67%|██████▋   | 10/15 [00:11<00:07,  1.56s/it]
Build old teacher prototype bank:  73%|███████▎  | 11/15 [00:13<00:06,  1.72s/it]
Build old teacher prototype bank:  80%|████████  | 12/15 [00:15<00:05,  1.89s/it]
Build old teacher prototype bank:  87%|████████▋ | 13/15 [00:18<00:04,  2.02s/it]
Build old teacher prototype bank:  93%|█████████▎| 14/15 [00:20<00:02,  2.17s/it]
Build old teacher prototype bank: 100%|██████████| 15/15 [00:20<00:00,  1.56s/it]
Build old teacher prototype bank: 100%|██████████| 15/15 [00:20<00:00,  1.39s/it]

Build old teacher prototype bank:   0%|          | 0/15 [00:00<?, ?it/s]
Build old teacher prototype bank:   7%|▋         | 1/15 [00:01<00:25,  1.82s/it]
Build old teacher prototype bank:  13%|█▎        | 2/15 [00:03<00:25,  1.96s/it]
Build old teacher prototype bank:  20%|██        | 3/15 [00:05<00:23,  1.93s/it]
Build old teacher prototype bank:  27%|██▋       | 4/15 [00:07<00:21,  1.93s/it]
Build old teacher prototype bank:  33%|███▎      | 5/15 [00:09<00:18,  1.86s/it]
Build old teacher prototype bank:  40%|████      | 6/15 [00:11<00:17,  1.94s/it]
Build old teacher prototype bank:  47%|████▋     | 7/15 [00:13<00:15,  1.90s/it]
Build old teacher prototype bank:  53%|█████▎    | 8/15 [00:15<00:14,  2.01s/it]
Build old teacher prototype bank:  60%|██████    | 9/15 [00:17<00:11,  1.87s/it]
Build old teacher prototype bank:  67%|██████▋   | 10/15 [00:19<00:09,  1.95s/it]
Build old teacher prototype bank:  73%|███████▎  | 11/15 [00:21<00:08,  2.14s/it]
Build old teacher prototype bank:  80%|████████  | 12/15 [00:24<00:06,  2.21s/it]
Build old teacher prototype bank:  87%|████████▋ | 13/15 [00:26<00:04,  2.35s/it]
Build old teacher prototype bank:  93%|█████████▎| 14/15 [00:29<00:02,  2.52s/it]
Build old teacher prototype bank: 100%|██████████| 15/15 [00:29<00:00,  1.79s/it]
Build old teacher prototype bank: 100%|██████████| 15/15 [00:29<00:00,  1.99s/it]
Step 9: original_memory; original reference validation passed
  batch 1/3; no parameter update
  batch 2/3; no parameter update
  batch 3/3; no parameter update
Step 9: heldout_fixed_reference; original reference validation passed
  batch 1/3; no parameter update
  batch 2/3; no parameter update
  batch 3/3; no parameter update
Step 9: fresh_memory; original reference validation passed
  batch 1/3; no parameter update
  batch 2/3; no parameter update
  batch 3/3; no parameter update
Saved all three offline experiments to /groups/ytian/lujing/lujing/Projects/AV-CIL_ICCV2023_share_h200/experiments_phase_8_rdcrosssdc_modular_gridsearch/results/three_way_hinge_cpu_20260930_232846/lambda_0p03_alpha_0p5
