[worker 0] phase9_periodic_fixed_h200_seed42__step_0__best: complete cached=False
[worker 0] phase9_periodic_fixed_h200_seed42__step_1__best: complete cached=False
[worker 0] phase9_periodic_fixed_h200_seed42__step_2__best: complete cached=False
[worker 0] phase9_periodic_fixed_h200_seed42__step_3__best: complete cached=False
[worker 0] phase9_periodic_fixed_h200_seed42__step_4__best: complete cached=False
[worker 0] phase9_periodic_fixed_h200_seed42__step_5__best: complete cached=False
[worker 0] phase9_periodic_fixed_h200_seed42__step_6__best: complete cached=False
[worker 0] phase9_periodic_fixed_h200_seed42__step_7__best: complete cached=False
[worker 0] phase9_periodic_fixed_h200_seed42__step_8__best: complete cached=False
[worker 0] phase9_periodic_fixed_h200_seed42__step_9__best: complete cached=False
[worker 0] phase9_periodic_fixed_h200_seed43__step_0__best: complete cached=False
[worker 0] phase9_periodic_fixed_h200_seed43__step_1__best: complete cached=False
[worker 0] phase9_periodic_fixed_h200_seed43__step_2__best: complete cached=False
[worker 0] phase9_periodic_fixed_h200_seed43__step_3__best: complete cached=False
[worker 0] phase9_periodic_fixed_h200_seed43__step_4__best: complete cached=False
[worker 0] phase9_periodic_fixed_h200_seed43__step_5__best: complete cached=False
[worker 0] phase9_periodic_fixed_h200_seed43__step_6__best: complete cached=False
[worker 0] phase9_periodic_fixed_h200_seed43__step_7__best: complete cached=False
[worker 0] phase9_periodic_fixed_h200_seed43__step_8__best: complete cached=False
[worker 0] phase9_periodic_fixed_h200_seed43__step_9__best: complete cached=False
[worker 0] phase9_periodic_fixed_h200_seed44__step_0__best: complete cached=False
[worker 0] phase9_periodic_fixed_h200_seed44__step_1__best: complete cached=False
[worker 0] phase9_periodic_fixed_h200_seed44__step_2__best: complete cached=False
[worker 0] phase9_periodic_fixed_h200_seed44__step_3__best: complete cached=False
[worker 0] phase9_periodic_fixed_h200_seed44__step_4__best: complete cached=False
[worker 0] phase9_periodic_fixed_h200_seed44__step_5__best: complete cached=False
[worker 0] phase9_periodic_fixed_h200_seed44__step_6__best: complete cached=False
[worker 0] phase9_periodic_fixed_h200_seed44__step_7__best: complete cached=False
[worker 0] phase9_periodic_fixed_h200_seed44__step_8__best: complete cached=False
[worker 0] phase9_periodic_fixed_h200_seed44__step_9__best: complete cached=False
[worker 0] phase9_periodic_sample_aware_h200_seed42__step_0__best: complete cached=False
[worker 0] phase9_periodic_sample_aware_h200_seed42__step_1__best: complete cached=False
[worker 0] phase9_periodic_sample_aware_h200_seed42__step_2__best: complete cached=False
[worker 0] phase9_periodic_sample_aware_h200_seed42__step_3__best: complete cached=False
[worker 0] phase9_periodic_sample_aware_h200_seed42__step_4__best: complete cached=False
[worker 0] phase9_periodic_sample_aware_h200_seed42__step_5__best: complete cached=False
[worker 0] phase9_periodic_sample_aware_h200_seed42__step_6__best: complete cached=False
[worker 0] phase9_periodic_sample_aware_h200_seed42__step_7__best: complete cached=False
[worker 0] phase9_periodic_sample_aware_h200_seed42__step_8__best: complete cached=False
[worker 0] phase9_periodic_sample_aware_h200_seed42__step_9__best: complete cached=False
[worker 0] phase9_periodic_sample_aware_h200_seed43__step_0__best: complete cached=False
[worker 0] phase9_periodic_sample_aware_h200_seed43__step_1__best: complete cached=False
[worker 0] phase9_periodic_sample_aware_h200_seed43__step_2__best: complete cached=False
[worker 0] phase9_periodic_sample_aware_h200_seed43__step_3__best: complete cached=False
[worker 0] phase9_periodic_sample_aware_h200_seed43__step_4__best: complete cached=False
[worker 0] phase9_periodic_sample_aware_h200_seed43__step_5__best: complete cached=False
[worker 0] phase9_periodic_sample_aware_h200_seed43__step_6__best: complete cached=False
[worker 0] phase9_periodic_sample_aware_h200_seed43__step_7__best: complete cached=False
[worker 0] phase9_periodic_sample_aware_h200_seed43__step_8__best: complete cached=False
[worker 0] phase9_periodic_sample_aware_h200_seed43__step_9__best: complete cached=False
[worker 0] phase9_periodic_sample_aware_h200_seed44__step_0__best: complete cached=False
[worker 0] phase9_periodic_sample_aware_h200_seed44__step_1__best: complete cached=False
[worker 0] phase9_periodic_sample_aware_h200_seed44__step_2__best: complete cached=False
[worker 0] phase9_periodic_sample_aware_h200_seed44__step_3__best: complete cached=False
[worker 0] phase9_periodic_sample_aware_h200_seed44__step_4__best: complete cached=False
[worker 0] phase9_periodic_sample_aware_h200_seed44__step_5__best: complete cached=False
[worker 0] phase9_periodic_sample_aware_h200_seed44__step_6__best: complete cached=False
[worker 0] phase9_periodic_sample_aware_h200_seed44__step_7__best: complete cached=False
[worker 0] phase9_periodic_sample_aware_h200_seed44__step_8__best: complete cached=False
[worker 0] phase9_periodic_sample_aware_h200_seed44__step_9__best: complete cached=False
[worker 0] phase9_prototype_bank_direct_h200_seed42__step_0__best: complete cached=False
[worker 0] phase9_prototype_bank_direct_h200_seed42__step_1__best: complete cached=False
[worker 0] phase9_prototype_bank_direct_h200_seed42__step_2__best: complete cached=False
[worker 0] phase9_prototype_bank_direct_h200_seed42__step_3__best: complete cached=False
[worker 0] phase9_prototype_bank_direct_h200_seed42__step_4__best: complete cached=False
[worker 0] phase9_prototype_bank_direct_h200_seed42__step_5__best: complete cached=False
[worker 0] phase9_prototype_bank_direct_h200_seed42__step_6__best: complete cached=False
[worker 0] phase9_prototype_bank_direct_h200_seed42__step_7__best: complete cached=False
[worker 0] phase9_prototype_bank_direct_h200_seed42__step_8__best: complete cached=False
[worker 0] phase9_prototype_bank_direct_h200_seed42__step_9__best: complete cached=False
[worker 0] phase9_prototype_bank_direct_h200_seed43__step_0__best: complete cached=False
[worker 0] phase9_prototype_bank_direct_h200_seed43__step_1__best: complete cached=False
[worker 0] phase9_prototype_bank_direct_h200_seed43__step_2__best: complete cached=False
[worker 0] phase9_prototype_bank_direct_h200_seed43__step_3__best: complete cached=False
[worker 0] phase9_prototype_bank_direct_h200_seed43__step_4__best: complete cached=False
[worker 0] phase9_prototype_bank_direct_h200_seed43__step_5__best: complete cached=False
[worker 0] phase9_prototype_bank_direct_h200_seed43__step_6__best: complete cached=False
[worker 0] phase9_prototype_bank_direct_h200_seed43__step_7__best: complete cached=False
[worker 0] phase9_prototype_bank_direct_h200_seed43__step_8__best: complete cached=False
[worker 0] phase9_prototype_bank_direct_h200_seed43__step_9__best: complete cached=False
[worker 0] phase9_prototype_bank_direct_h200_seed44__step_0__best: complete cached=False
[worker 0] phase9_prototype_bank_direct_h200_seed44__step_1__best: complete cached=False
[worker 0] phase9_prototype_bank_direct_h200_seed44__step_2__best: complete cached=False
[worker 0] phase9_prototype_bank_direct_h200_seed44__step_3__best: complete cached=False
[worker 0] phase9_prototype_bank_direct_h200_seed44__step_4__best: complete cached=False
[worker 0] phase9_prototype_bank_direct_h200_seed44__step_5__best: complete cached=False
[worker 0] phase9_prototype_bank_direct_h200_seed44__step_6__best: complete cached=False
[worker 0] phase9_prototype_bank_direct_h200_seed44__step_7__best: complete cached=False
[worker 0] phase9_prototype_bank_direct_h200_seed44__step_8__best: complete cached=False
[worker 0] phase9_prototype_bank_direct_h200_seed44__step_9__best: complete cached=False
[worker 0] phase9_prototype_bank_smooth_h200_seed42__step_0__best: complete cached=False
[worker 0] phase9_prototype_bank_smooth_h200_seed42__step_1__best: complete cached=False
[worker 0] phase9_prototype_bank_smooth_h200_seed42__step_2__best: complete cached=False
[worker 0] phase9_prototype_bank_smooth_h200_seed42__step_3__best: complete cached=False
[worker 0] phase9_prototype_bank_smooth_h200_seed42__step_4__best: complete cached=False
[worker 0] phase9_prototype_bank_smooth_h200_seed42__step_5__best: complete cached=False
[worker 0] phase9_prototype_bank_smooth_h200_seed42__step_6__best: complete cached=False
[worker 0] phase9_prototype_bank_smooth_h200_seed42__step_7__best: complete cached=False
[worker 0] phase9_prototype_bank_smooth_h200_seed42__step_8__best: complete cached=False
[worker 0] phase9_prototype_bank_smooth_h200_seed42__step_9__best: complete cached=False
[worker 0] phase9_prototype_bank_smooth_h200_seed43__step_0__best: complete cached=False
[worker 0] phase9_prototype_bank_smooth_h200_seed43__step_1__best: complete cached=False
[worker 0] phase9_prototype_bank_smooth_h200_seed43__step_2__best: complete cached=False
[worker 0] phase9_prototype_bank_smooth_h200_seed43__step_3__best: complete cached=False
[worker 0] phase9_prototype_bank_smooth_h200_seed43__step_4__best: complete cached=False
[worker 0] phase9_prototype_bank_smooth_h200_seed43__step_5__best: complete cached=False
[worker 0] phase9_prototype_bank_smooth_h200_seed43__step_6__best: complete cached=False
[worker 0] phase9_prototype_bank_smooth_h200_seed43__step_7__best: complete cached=False
[worker 0] phase9_prototype_bank_smooth_h200_seed43__step_8__best: complete cached=False
[worker 0] phase9_prototype_bank_smooth_h200_seed43__step_9__best: complete cached=False
[worker 0] phase9_prototype_bank_smooth_h200_seed44__step_0__best: complete cached=False
[worker 0] phase9_prototype_bank_smooth_h200_seed44__step_1__best: complete cached=False
[worker 0] phase9_prototype_bank_smooth_h200_seed44__step_2__best: complete cached=False
[worker 0] phase9_prototype_bank_smooth_h200_seed44__step_3__best: complete cached=False
[worker 0] phase9_prototype_bank_smooth_h200_seed44__step_4__best: complete cached=False
[worker 0] phase9_prototype_bank_smooth_h200_seed44__step_5__best: complete cached=False
[worker 0] phase9_prototype_bank_smooth_h200_seed44__step_6__best: complete cached=False
[worker 0] phase9_prototype_bank_smooth_h200_seed44__step_7__best: complete cached=False
[worker 0] phase9_prototype_bank_smooth_h200_seed44__step_8__best: complete cached=False
[worker 0] phase9_prototype_bank_smooth_h200_seed44__step_9__best: complete cached=False
[worker 0] phase9_uniform_cl_history_h200_seed42__step_0__best: complete cached=False
[worker 0] phase9_uniform_cl_history_h200_seed42__step_1__best: complete cached=False
[worker 0] phase9_uniform_cl_history_h200_seed42__step_2__best: complete cached=False
[worker 0] phase9_uniform_cl_history_h200_seed42__step_3__best: complete cached=False
[worker 0] phase9_uniform_cl_history_h200_seed42__step_4__best: complete cached=False
[worker 0] phase9_uniform_cl_history_h200_seed42__step_5__best: complete cached=False
[worker 0] phase9_uniform_cl_history_h200_seed42__step_6__best: complete cached=False
[worker 0] phase9_uniform_cl_history_h200_seed42__step_7__best: complete cached=False
[worker 0] phase9_uniform_cl_history_h200_seed42__step_8__best: complete cached=False
[worker 0] phase9_uniform_cl_history_h200_seed42__step_9__best: complete cached=False
[worker 0] phase9_uniform_cl_history_h200_seed43__step_0__best: complete cached=False
[worker 0] phase9_uniform_cl_history_h200_seed43__step_1__best: complete cached=False
[worker 0] phase9_uniform_cl_history_h200_seed43__step_2__best: complete cached=False
[worker 0] phase9_uniform_cl_history_h200_seed43__step_3__best: complete cached=False
[worker 0] phase9_uniform_cl_history_h200_seed43__step_4__best: complete cached=False
[worker 0] phase9_uniform_cl_history_h200_seed43__step_5__best: complete cached=False
[worker 0] phase9_uniform_cl_history_h200_seed43__step_6__best: complete cached=False
[worker 0] phase9_uniform_cl_history_h200_seed43__step_7__best: complete cached=False
[worker 0] phase9_uniform_cl_history_h200_seed43__step_8__best: complete cached=False
[worker 0] phase9_uniform_cl_history_h200_seed43__step_9__best: complete cached=False
[worker 0] phase9_uniform_cl_history_h200_seed44__step_0__best: complete cached=False
[worker 0] phase9_uniform_cl_history_h200_seed44__step_1__best: complete cached=False
[worker 0] phase9_uniform_cl_history_h200_seed44__step_2__best: complete cached=False
[worker 0] phase9_uniform_cl_history_h200_seed44__step_3__best: complete cached=False
[worker 0] phase9_uniform_cl_history_h200_seed44__step_4__best: complete cached=False
[worker 0] phase9_uniform_cl_history_h200_seed44__step_5__best: complete cached=False
[worker 0] phase9_uniform_cl_history_h200_seed44__step_6__best: complete cached=False
[worker 0] phase9_uniform_cl_history_h200_seed44__step_7__best: complete cached=False
[worker 0] phase9_uniform_cl_history_h200_seed44__step_8__best: complete cached=False
[worker 0] phase9_uniform_cl_history_h200_seed44__step_9__best: complete cached=False
